components/data-table/DataTable.tsx(112,13): error TS2322: Type '(rowIndex: number, columnId: string, value: any) => void' is not assignable to type '(rowIndex: number, columnId: string | keyof T, value: any) => void'.
  Types of parameters 'columnId' and 'columnId' are incompatible.
    Type 'string | keyof T' is not assignable to type 'string'.
      Type 'keyof T' is not assignable to type 'string'.
        Type 'string | number | symbol' is not assignable to type 'string'.
          Type 'number' is not assignable to type 'string'.
components/layout/Heading.tsx(14,51): error TS2339: Property 'items' does not exist on type '{ title: string; url: string; icon: ForwardRefExoticComponent<Omit<LucideProps, "ref"> & RefAttributes<SVGSVGElement>>; }'.
components/organisms/dashboard/AnalyticsOverviewHeader.tsx(23,30): error TS2322: Type 'string | number' is not assignable to type 'number'.
  Type 'string' is not assignable to type 'number'.
components/organisms/user/UserFormModal.tsx(64,21): error TS2322: Type 'number' is not assignable to type 'boolean'.
  Type 'number' is not assignable to type 'boolean'.
data/activity_log.ts(13,5): error TS2322: Type 'Date' is not assignable to type 'string'.
data/activity_log.ts(23,5): error TS2322: Type 'Date' is not assignable to type 'string'.
data/activity_log.ts(33,5): error TS2322: Type 'Date' is not assignable to type 'string'.
data/activity_log.ts(43,5): error TS2322: Type 'Date' is not assignable to type 'string'.
data/activity_log.ts(53,5): error TS2322: Type 'Date' is not assignable to type 'string'.
data/activity_log.ts(63,5): error TS2322: Type 'Date' is not assignable to type 'string'.
data/activity_log.ts(73,5): error TS2322: Type 'Date' is not assignable to type 'string'.
data/activity_log.ts(83,5): error TS2322: Type 'Date' is not assignable to type 'string'.
data/article_categories.ts(1,33): error TS2307: Cannot find module '@/constants/article_category' or its corresponding type declarations.
data/articles.ts(15,9): error TS2322: Type 'Date' is not assignable to type 'string'.
data/articles.ts(17,9): error TS2322: Type 'Date' is not assignable to type 'string'.
data/articles.ts(30,9): error TS2322: Type 'Date' is not assignable to type 'string'.
data/articles.ts(32,9): error TS2322: Type 'Date' is not assignable to type 'string'.
data/articles.ts(45,9): error TS2322: Type 'Date' is not assignable to type 'string'.
data/articles.ts(47,9): error TS2322: Type 'Date' is not assignable to type 'string'.
data/articles.ts(60,9): error TS2322: Type 'Date' is not assignable to type 'string'.
data/articles.ts(62,9): error TS2322: Type 'Date' is not assignable to type 'string'.
data/articles.ts(75,9): error TS2322: Type 'Date' is not assignable to type 'string'.
data/articles.ts(77,9): error TS2322: Type 'Date' is not assignable to type 'string'.
data/guest_event.ts(4,5): error TS2741: Property 'updated_at' is missing in type '{ id: number; event_type: string; event_subtype: string; page_url: string; ip_address: string; user_agent: string; created_at: Date; }' but required in type 'GuestEvent'.
data/guest_event.ts(13,5): error TS2741: Property 'updated_at' is missing in type '{ id: number; event_type: string; event_subtype: string; page_url: string; ip_address: string; user_agent: string; created_at: Date; }' but required in type 'GuestEvent'.
data/guest_event.ts(22,5): error TS2741: Property 'updated_at' is missing in type '{ id: number; event_type: string; event_subtype: string; page_url: string; ip_address: string; user_agent: string; created_at: Date; }' but required in type 'GuestEvent'.
data/services.ts(10,9): error TS2322: Type 'Date' is not assignable to type 'string'.
data/services.ts(11,9): error TS2322: Type 'Date' is not assignable to type 'string'.
data/services.ts(18,9): error TS2322: Type 'Date' is not assignable to type 'string'.
data/services.ts(19,9): error TS2322: Type 'Date' is not assignable to type 'string'.
data/services.ts(26,9): error TS2322: Type 'Date' is not assignable to type 'string'.
data/services.ts(27,9): error TS2322: Type 'Date' is not assignable to type 'string'.
data/services.ts(34,9): error TS2322: Type 'Date' is not assignable to type 'string'.
data/services.ts(35,9): error TS2322: Type 'Date' is not assignable to type 'string'.
data/services.ts(42,9): error TS2322: Type 'Date' is not assignable to type 'string'.
data/services.ts(43,9): error TS2322: Type 'Date' is not assignable to type 'string'.
data/services.ts(50,9): error TS2322: Type 'Date' is not assignable to type 'string'.
data/services.ts(51,9): error TS2322: Type 'Date' is not assignable to type 'string'.
data/users.ts(10,5): error TS2322: Type 'true' is not assignable to type '0 | 1'.
data/users.ts(11,5): error TS2322: Type 'Date' is not assignable to type 'string'.
data/users.ts(12,5): error TS2322: Type 'Date' is not assignable to type 'string'.
data/users.ts(20,5): error TS2322: Type 'false' is not assignable to type '0 | 1'.
data/users.ts(21,5): error TS2322: Type 'Date' is not assignable to type 'string'.
data/users.ts(22,5): error TS2322: Type 'Date' is not assignable to type 'string'.
data/users.ts(30,5): error TS2322: Type 'false' is not assignable to type '0 | 1'.
data/users.ts(31,5): error TS2322: Type 'Date' is not assignable to type 'string'.
data/users.ts(32,5): error TS2322: Type 'Date' is not assignable to type 'string'.
data/users.ts(40,5): error TS2322: Type 'false' is not assignable to type '0 | 1'.
data/users.ts(41,5): error TS2322: Type 'Date' is not assignable to type 'string'.
data/users.ts(42,5): error TS2322: Type 'Date' is not assignable to type 'string'.
data/users.ts(50,5): error TS2322: Type 'false' is not assignable to type '0 | 1'.
data/users.ts(51,5): error TS2322: Type 'Date' is not assignable to type 'string'.
data/users.ts(52,5): error TS2322: Type 'Date' is not assignable to type 'string'.
data/users.ts(53,5): error TS2322: Type 'Date' is not assignable to type 'string'.
utils/portofolio-storage.ts(4,10): error TS2724: '"@/constants/portfolios"' has no exported member named 'Portofolio'. Did you mean 'Portfolio'?
utils/portofolio-storage.ts(5,52): error TS2307: Cannot find module '@/data/portofolios' or its corresponding type declarations.
utils/user-permission-storage.ts(3,37): error TS2307: Cannot find module '@/constants/user_permissions' or its corresponding type declarations.
utils/user-permission-storage.ts(4,37): error TS2307: Cannot find module '@/data/user_permissions' or its corresponding type declarations.
